NAMESPACE            NAME                                             READY   STATUS              RESTARTS   AGE
kube-system          pod/coredns-7d764666f9-5thqm                     1/1     Running             0          5h7m
kube-system          pod/coredns-7d764666f9-xjrqc                     1/1     Running             0          5h7m
kube-system          pod/etcd-kind-control-plane                      1/1     Running             0          5h7m
kube-system          pod/kindnet-4sj6q                                1/1     Running             0          5h7m
kube-system          pod/kindnet-9bwjf                                1/1     Running             0          5h7m
kube-system          pod/kindnet-hrrz4                                1/1     Running             0          5h7m
kube-system          pod/kindnet-jx2vc                                1/1     Running             0          5h7m
kube-system          pod/kindnet-tvh6x                                1/1     Running             0          5h7m
kube-system          pod/kindnet-whdc9                                1/1     Running             0          5h7m
kube-system          pod/kindnet-xptlc                                1/1     Running             0          5h7m
kube-system          pod/kube-apiserver-kind-control-plane            1/1     Running             0          5h7m
kube-system          pod/kube-controller-manager-kind-control-plane   1/1     Running             0          5h7m
kube-system          pod/kube-proxy-4cj7g                             1/1     Running             0          5h7m
kube-system          pod/kube-proxy-5rcwm                             1/1     Running             0          5h7m
kube-system          pod/kube-proxy-78jvp                             1/1     Running             0          5h7m
kube-system          pod/kube-proxy-7j4kl                             1/1     Running             0          5h7m
kube-system          pod/kube-proxy-9g8w2                             1/1     Running             0          5h7m
kube-system          pod/kube-proxy-nd85x                             1/1     Running             0          5h7m
kube-system          pod/kube-proxy-x2g68                             1/1     Running             0          5h7m
kube-system          pod/kube-scheduler-kind-control-plane            1/1     Running             0          5h7m
local-path-storage   pod/local-path-provisioner-67b8995b4b-f6bcm      1/1     Running             0          5h7m
mysql                pod/mysql-0                                      0/1     ContainerCreating   0          26s
todoapp              pod/todoapp-6b5f8469ff-54kdb                     0/1     ContainerCreating   0          11s
todoapp              pod/todoapp-6b5f8469ff-tr5nb                     0/1     ContainerCreating   0          26s

NAMESPACE     NAME                       TYPE        CLUSTER-IP    EXTERNAL-IP   PORT(S)                  AGE
default       service/kubernetes         ClusterIP   10.96.0.1     <none>        443/TCP                  5h7m
kube-system   service/kube-dns           ClusterIP   10.96.0.10    <none>        53/UDP,53/TCP,9153/TCP   5h7m
mysql         service/mysql-service      ClusterIP   None          <none>        3306/TCP                 26s
todoapp       service/todoapp-nodeport   NodePort    10.96.11.49   <none>        80:30007/TCP             26s
todoapp       service/todoapp-service    ClusterIP   10.96.87.62   <none>        80/TCP                   26s

NAMESPACE     NAME                        DESIRED   CURRENT   READY   UP-TO-DATE   AVAILABLE   NODE SELECTOR            AGE
kube-system   daemonset.apps/kindnet      7         7         7       7            7           kubernetes.io/os=linux   5h7m
kube-system   daemonset.apps/kube-proxy   7         7         7       7            7           kubernetes.io/os=linux   5h7m

NAMESPACE            NAME                                     READY   UP-TO-DATE   AVAILABLE   AGE
kube-system          deployment.apps/coredns                  2/2     2            2           5h7m
local-path-storage   deployment.apps/local-path-provisioner   1/1     1            1           5h7m
todoapp              deployment.apps/todoapp                  0/2     2            0           26s

NAMESPACE            NAME                                                DESIRED   CURRENT   READY   AGE
kube-system          replicaset.apps/coredns-7d764666f9                  2         2         2       5h7m
local-path-storage   replicaset.apps/local-path-provisioner-67b8995b4b   1         1         1       5h7m
todoapp              replicaset.apps/todoapp-6b5f8469ff                  2         2         0       26s

NAMESPACE   NAME                     READY   AGE
mysql       statefulset.apps/mysql   0/2     26s

NAMESPACE   NAME                                          REFERENCE            TARGETS                                     MINPODS   MAXPODS   REPLICAS   AGE
todoapp     horizontalpodautoscaler.autoscaling/todoapp   Deployment/todoapp   cpu: <unknown>/70%, memory: <unknown>/70%   2         5         1          26s

NAMESPACE            NAME                                                             DATA   AGE
default              configmap/kube-root-ca.crt                                       1      5h7m
kube-node-lease      configmap/kube-root-ca.crt                                       1      5h7m
kube-public          configmap/cluster-info                                           2      5h7m
kube-public          configmap/kube-root-ca.crt                                       1      5h7m
kube-system          configmap/coredns                                                1      5h7m
kube-system          configmap/extension-apiserver-authentication                     6      5h7m
kube-system          configmap/kube-apiserver-legacy-service-account-token-tracking   1      5h7m
kube-system          configmap/kube-proxy                                             2      5h7m
kube-system          configmap/kube-root-ca.crt                                       1      5h7m
kube-system          configmap/kubeadm-config                                         1      5h7m
kube-system          configmap/kubelet-config                                         1      5h7m
local-path-storage   configmap/kube-root-ca.crt                                       1      5h7m
local-path-storage   configmap/local-path-config                                      4      5h7m
mysql                configmap/kube-root-ca.crt                                       1      26s
mysql                configmap/mysql-config                                           1      26s
todoapp              configmap/app-config                                             1      26s
todoapp              configmap/kube-root-ca.crt                                       1      26s

NAMESPACE     NAME                                           TYPE                            DATA   AGE
default       secret/sh.helm.release.v1.todoapp-release.v1   helm.sh/release.v1              1      26s
kube-system   secret/bootstrap-token-abcdef                  bootstrap.kubernetes.io/token   6      5h7m
mysql         secret/mysql-secrets                           Opaque                          4      26s
todoapp       secret/app-secret                              Opaque                          5      26s